{
    "pip:cvedb": {
        "0.0.4": {
            "dependencies": {
                "pip:cvss": "~=2.2",
                "pip:python-dateutil": "~=2.8.1",
                "pip:tqdm": "~=4.48.0",
                "ubuntu:/lib/x86_64-linux-gnu/libc.so.6": "*",
                "ubuntu:/lib/x86_64-linux-gnu/libdl.so.2": "*",
                "ubuntu:/lib/x86_64-linux-gnu/libnss_files.so.2": "*",
                "ubuntu:/lib/x86_64-linux-gnu/libtinfo.so.6": "*"
            },
            "is_source_package": true,
            "source": "pip"
        }
    },
    "pip:cvss": {
        "2.2.0": {
            "dependencies": {
                "ubuntu:/lib/x86_64-linux-gnu/libc.so.6": "*",
                "ubuntu:/lib/x86_64-linux-gnu/libdl.so.2": "*",
                "ubuntu:/lib/x86_64-linux-gnu/libnss_files.so.2": "*",
                "ubuntu:/lib/x86_64-linux-gnu/libtinfo.so.6": "*"
            },
            "source": "pip"
        }
    },
    "pip:python-dateutil": {
        "2.8.1": {
            "dependencies": {
                "pip:six": ">=1.5",
                "ubuntu:/lib/x86_64-linux-gnu/libc.so.6": "*",
                "ubuntu:/lib/x86_64-linux-gnu/libdl.so.2": "*",
                "ubuntu:/lib/x86_64-linux-gnu/libnss_files.so.2": "*",
                "ubuntu:/lib/x86_64-linux-gnu/libtinfo.so.6": "*"
            },
            "source": "pip"
        }
    },
    "pip:six": {
        "1.5.0": {
            "dependencies": {
                "ubuntu:/lib/x86_64-linux-gnu/libc.so.6": "*",
                "ubuntu:/lib/x86_64-linux-gnu/libdl.so.2": "*",
                "ubuntu:/lib/x86_64-linux-gnu/libnss_files.so.2": "*",
                "ubuntu:/lib/x86_64-linux-gnu/libtinfo.so.6": "*"
            },
            "source": "pip"
        }
    },
    "pip:tqdm": {
        "4.48.0": {
            "dependencies": {
                "ubuntu:/lib/x86_64-linux-gnu/libc.so.6": "*",
                "ubuntu:/lib/x86_64-linux-gnu/libdl.so.2": "*",
                "ubuntu:/lib/x86_64-linux-gnu/libnss_files.so.2": "*",
                "ubuntu:/lib/x86_64-linux-gnu/libtinfo.so.6": "*"
            },
            "source": "pip"
        }
    },
    "ubuntu:/lib/x86_64-linux-gnu/libc.so.6": {
        "0.0.0": {
            "dependencies": {
                "ubuntu:libc6": "*"
            },
            "source": "ubuntu"
        }
    },
    "ubuntu:/lib/x86_64-linux-gnu/libdl.so.2": {
        "0.0.0": {
            "dependencies": {
                "ubuntu:libc6": "*"
            },
            "source": "ubuntu"
        }
    },
    "ubuntu:/lib/x86_64-linux-gnu/libnss_files.so.2": {
        "0.0.0": {
            "dependencies": {
                "ubuntu:libc6": "*"
            },
            "source": "ubuntu"
        }
    },
    "ubuntu:/lib/x86_64-linux-gnu/libtinfo.so.6": {
        "0.0.0": {
            "dependencies": {
                "ubuntu:libtinfo6": "*"
            },
            "source": "ubuntu"
        }
    },
    "ubuntu:libc6": {
        "2.31.0": {
            "dependencies": {
                "ubuntu:libcrypt1": "*",
                "ubuntu:libgcc-s1": "*"
            },
            "source": "ubuntu"
        }
    },
    "ubuntu:libcrypt1": {
        "4.4.10": {
            "dependencies": {
                "ubuntu:libc6": ">=2.25"
            },
            "source": "ubuntu"
        }
    },
    "ubuntu:libgcc-s1": {
        "10.0.0": {
            "dependencies": {
                "ubuntu:gcc-10-base": "*",
                "ubuntu:libc6": ">=2.14"
            },
            "source": "ubuntu"
        },
        "10.3.0": {
            "dependencies": {
                "ubuntu:gcc-10-base": "*",
                "ubuntu:libc6": ">=2.14"
            },
            "source": "ubuntu"
        }
    },
    "ubuntu:libtinfo6": {
        "6.2.0": {
            "dependencies": {
                "ubuntu:libc6": ">=2.16"
            },
            "source": "ubuntu"
        }
    }
}